// Jest Snapshot v1, https://goo.gl/fbAQLP

exports[`should take a snapshot 1`] = `
<DocumentFragment>
  <img
    alt=""
    class=""
    role="presentation"
    src="https://www.google.com"
  />
</DocumentFragment>
`;
