// Jest Snapshot v1, https://goo.gl/fbAQLP

exports[`should take a snapshot 1`] = `
<DocumentFragment>
  <p
    class="font-bold text-6xl"
  />
</DocumentFragment>
`;
